// Jest Snapshot v1, https://goo.gl/fbAQLP

exports[`example 1`] = `
<div>
  <div
    class="gradient-border-line"
  />
  <footer
    data-testid="footer"
  >
    Â© 2021 - Jamie Blaut
  </footer>
</div>
`;
