// Jest Snapshot v1, https://goo.gl/fbAQLP

exports[`Footer test 1`] = `
<div>
  <div
    class="gradient-border-line"
  />
  <footer>
    Â© 2021 - Jamie Blaut
  </footer>
</div>
`;
